[backblue.gif]
[fade.gif]
[index.html]
[banca.windstripedesign.ro/index.html]
[banca.windstripedesign.ro/en/index.html]
[banca.windstripedesign.ro/images/favicon.png]
[banca.windstripedesign.ro/media/vendor/joomla-custom-elements/css/joomla-alert.min44b7.css]
[banca.windstripedesign.ro/components/com_sppagebuilder/assets/css/font-awesome-5.min.css]
[banca.windstripedesign.ro/tr/index.html]
[banca.windstripedesign.ro/it/index.html]
[banca.windstripedesign.ro/de/index.html]
[banca.windstripedesign.ro/components/com_sppagebuilder/assets/css/font-awesome-v4-shims.css]
[banca.windstripedesign.ro/components/com_sppagebuilder/assets/css/animate.min.css]
[banca.windstripedesign.ro/components/com_sppagebuilder/assets/css/sppagebuilder.css]
[banca.windstripedesign.ro/components/com_sppagebuilder/assets/css/magnific-popup.css]
[banca.windstripedesign.ro/fr/index.html]
[banca.windstripedesign.ro/templates/banca/css/bootstrap.min.css]
[banca.windstripedesign.ro/plugins/system/helixultimate/assets/css/system-j4.min.css]
[banca.windstripedesign.ro/templates/banca/css/template.css]
[banca.windstripedesign.ro/templates/banca/css/presets/preset9.css]
[banca.windstripedesign.ro/templates/banca/css/custom.css]
[banca.windstripedesign.ro/images/help-ad/bg-shape.png]
[banca.windstripedesign.ro/media/vendor/jquery/js/jquery.min8a0c.js]
[banca.windstripedesign.ro/media/legacy/js/jquery-noconflict.min02ca.js]
[banca.windstripedesign.ro/media/system/js/core.mind6dc.js]
[banca.windstripedesign.ro/media/vendor/bootstrap/js/bootstrap-es5.mine55b.js]
[banca.windstripedesign.ro/media/system/js/showon-es5.min5c41.js]
[banca.windstripedesign.ro/media/system/js/messages-es5.min268e.js]
[banca.windstripedesign.ro/media/vendor/bootstrap/js/alert.mine55b.js]
[banca.windstripedesign.ro/media/vendor/bootstrap/js/button.mine55b.js]
[banca.windstripedesign.ro/media/vendor/bootstrap/js/carousel.mine55b.js]
[banca.windstripedesign.ro/media/vendor/bootstrap/js/collapse.mine55b.js]
[banca.windstripedesign.ro/media/vendor/bootstrap/js/dropdown.mine55b.js]
[banca.windstripedesign.ro/media/vendor/bootstrap/js/modal.mine55b.js]
[banca.windstripedesign.ro/media/vendor/bootstrap/js/offcanvas.mine55b.js]
[banca.windstripedesign.ro/media/vendor/bootstrap/js/popover.mine55b.js]
[banca.windstripedesign.ro/media/vendor/bootstrap/js/scrollspy.mine55b.js]
[banca.windstripedesign.ro/media/vendor/bootstrap/js/tab.mine55b.js]
[banca.windstripedesign.ro/media/vendor/bootstrap/js/toast.mine55b.js]
[banca.windstripedesign.ro/media/system/js/showon.minb3a7.js]
[banca.windstripedesign.ro/media/system/js/messages.minc0ea.js]
[banca.windstripedesign.ro/components/com_sppagebuilder/assets/js/jquery.parallaxc706.js]
[banca.windstripedesign.ro/components/com_sppagebuilder/assets/js/sppagebuilderc706.js]
[banca.windstripedesign.ro/components/com_sppagebuilder/assets/js/jquery.magnific-popup.min.js]
[banca.windstripedesign.ro/components/com_sppagebuilder/assets/js/sp_carousel.js]
[banca.windstripedesign.ro/templates/banca/js/main.js]
[banca.windstripedesign.ro/images/logo/Logo-2@2x.png]
[banca.windstripedesign.ro/en/home/demo-01.html]
[banca.windstripedesign.ro/en/home/demo-02.html]
[banca.windstripedesign.ro/en/home/demo-03.html]
[banca.windstripedesign.ro/en/loan/get-loan.html]
[banca.windstripedesign.ro/en/loan/loan-application.html]
[banca.windstripedesign.ro/en/job-pages/career.html]
[banca.windstripedesign.ro/en/job-pages/jobs.html]
[banca.windstripedesign.ro/en/job-pages/job-application.html]
[banca.windstripedesign.ro/en/pages/cards.html]
[banca.windstripedesign.ro/en/pages/about-us.html]
[banca.windstripedesign.ro/en/pages/contact-us.html]
[banca.windstripedesign.ro/en/pages/404-error.html]
[banca.windstripedesign.ro/en/blog/blog-listing.html]
[banca.windstripedesign.ro/images/footer/footer-bg-2.png]
[banca.windstripedesign.ro/en/blog/blog-listing/five-steps-to-buying-for-your-home-loan.html]
[banca.windstripedesign.ro/images/banner/slide-shape-1.png]
[banca.windstripedesign.ro/images/banner/slide-shape-2.png]
[banca.windstripedesign.ro/images/banner/slide-shape-3.png]
[banca.windstripedesign.ro/images/banner/person-2.png]
[banca.windstripedesign.ro/images/feature/shape-17.png]
[banca.windstripedesign.ro/images/feature/shape-18.png]
[banca.windstripedesign.ro/images/feature/shape-19.png]
[banca.windstripedesign.ro/images/feature/shape-20.png]
[banca.windstripedesign.ro/images/feature/icon-8.svg]
[banca.windstripedesign.ro/images/feature/shape-21.png]
[banca.windstripedesign.ro/images/feature/shape-22.png]
[banca.windstripedesign.ro/images/feature/shape-23.png]
[banca.windstripedesign.ro/images/feature/shape-27.png]
[banca.windstripedesign.ro/images/feature/icon-9.svg]
[banca.windstripedesign.ro/images/feature/shape-25.png]
[banca.windstripedesign.ro/images/feature/shape-26.png]
[banca.windstripedesign.ro/images/feature/shape-28.png]
[banca.windstripedesign.ro/images/feature/shape-29.png]
[banca.windstripedesign.ro/images/feature/icon-10.svg]
[banca.windstripedesign.ro/images/help-ad/img-1.png]
[banca.windstripedesign.ro/images/help-ad/shape.png]
[banca.windstripedesign.ro/images/banca-corporate/logo-1.png]
[banca.windstripedesign.ro/images/banca-corporate/logo-2.png]
[banca.windstripedesign.ro/images/banca-corporate/logo-3.png]
[banca.windstripedesign.ro/images/banca-corporate/logo-4.png]
[banca.windstripedesign.ro/images/banca-corporate/logo-5.png]
[banca.windstripedesign.ro/en/blog-listing/business/credit-rating-as-a-private-customer.html]
[banca.windstripedesign.ro/images/blog/article-1.png]
[banca.windstripedesign.ro/en/blog-listing/business/get-hold-of-your-private-loans-with-a-promissory.html]
[banca.windstripedesign.ro/images/blog/article-2.png]
[banca.windstripedesign.ro/images/blog/article-3.png]
[banca.windstripedesign.ro/en/blog-listing/business/what-is-apr-and-what-can-you-actually-use-it.html]
[banca.windstripedesign.ro/en/blog-listing/business/superfast-loans-for-your-dream-home.html]
[banca.windstripedesign.ro/images/blog/article-4.png]
[banca.windstripedesign.ro/images/testimonial/client-1.png]
[banca.windstripedesign.ro/en/blog-listing/business.html]
[banca.windstripedesign.ro/images/testimonial/client-2.png]
[banca.windstripedesign.ro/images/testimonial/client-3.png]
[banca.windstripedesign.ro/images/testimonial/client-4.png]
[banca.windstripedesign.ro/images/faq/Shape.png]
[banca.windstripedesign.ro/images/faq/advisor.png]
[banca.windstripedesign.ro/images/footer/Trustpilot.png]
[banca.windstripedesign.ro/images/logo/Logo.png]
[banca.windstripedesign.ro/en/index.html]
[banca.windstripedesign.ro/cdn-cgi/scripts/5c5dd728/cloudflare-static/email-decode.min.js]
[banca.windstripedesign.ro/tr/home/demo-01.html]
[banca.windstripedesign.ro/tr/home/demo-02.html]
[banca.windstripedesign.ro/tr/home/demo-03.html]
[banca.windstripedesign.ro/tr/loan/get-loan.html]
[banca.windstripedesign.ro/tr/loan/loan-application.html]
[banca.windstripedesign.ro/tr/job-pages/career.html]
[banca.windstripedesign.ro/tr/job-pages/jobs.html]
[banca.windstripedesign.ro/tr/job-pages/job-application.html]
[banca.windstripedesign.ro/tr/pages/cards.html]
[banca.windstripedesign.ro/tr/pages/about-us.html]
[banca.windstripedesign.ro/tr/pages/contact-us.html]
[banca.windstripedesign.ro/tr/pages/404-error.html]
[banca.windstripedesign.ro/tr/blog/blog-listing.html]
[banca.windstripedesign.ro/tr/blog-listing-5/business/credit-rating-as-a-private-customer.html]
[banca.windstripedesign.ro/tr/blog-listing-5/business/get-hold-of-your-private-loans-with-a-promissory.html]
[banca.windstripedesign.ro/tr/blog-listing-5/business/what-is-apr-and-what-can-you-actually-use-it.html]
[banca.windstripedesign.ro/tr/blog-listing-5/business/superfast-loans-for-your-dream-home.html]
[banca.windstripedesign.ro/tr/blog-listing-5/business.html]
[banca.windstripedesign.ro/tr/index.html]
[banca.windstripedesign.ro/it/home/demo-01.html]
[banca.windstripedesign.ro/it/home/demo-02.html]
[banca.windstripedesign.ro/it/home/demo-03.html]
[banca.windstripedesign.ro/it/loan/get-loan.html]
[banca.windstripedesign.ro/it/loan/loan-application.html]
[banca.windstripedesign.ro/it/job-pages/career.html]
[banca.windstripedesign.ro/it/job-pages/jobs.html]
[banca.windstripedesign.ro/it/job-pages/job-application.html]
[banca.windstripedesign.ro/it/pages/cards.html]
[banca.windstripedesign.ro/it/pages/about-us.html]
[banca.windstripedesign.ro/it/pages/contact-us.html]
[banca.windstripedesign.ro/it/pages/404-error.html]
[banca.windstripedesign.ro/it/blog/blog-listing.html]
[banca.windstripedesign.ro/it/blog-listing-4/business/credit-rating-as-a-private-customer.html]
[banca.windstripedesign.ro/it/blog-listing-4/business/get-hold-of-your-private-loans-with-a-promissory.html]
[banca.windstripedesign.ro/it/blog-listing-4/business/what-is-apr-and-what-can-you-actually-use-it.html]
[banca.windstripedesign.ro/it/blog-listing-4/business/superfast-loans-for-your-dream-home.html]
[banca.windstripedesign.ro/it/blog-listing-4/business.html]
[banca.windstripedesign.ro/it/index.html]
[banca.windstripedesign.ro/de/home/demo-01.html]
[banca.windstripedesign.ro/de/home/demo-02.html]
[banca.windstripedesign.ro/de/home/demo-03.html]
[banca.windstripedesign.ro/de/loan/get-loan.html]
[banca.windstripedesign.ro/de/loan/loan-application.html]
[banca.windstripedesign.ro/de/job-pages/career.html]
[banca.windstripedesign.ro/de/job-pages/jobs.html]
[banca.windstripedesign.ro/de/job-pages/job-application.html]
[banca.windstripedesign.ro/de/pages/cards.html]
[banca.windstripedesign.ro/de/pages/about-us.html]
[banca.windstripedesign.ro/de/pages/contact-us.html]
[banca.windstripedesign.ro/de/pages/404-error.html]
[banca.windstripedesign.ro/de/blog/blog-listing.html]
[banca.windstripedesign.ro/de/blog-listing-3/business/credit-rating-as-a-private-customer.html]
[banca.windstripedesign.ro/de/blog-listing-3/business/get-hold-of-your-private-loans-with-a-promissory.html]
[banca.windstripedesign.ro/de/blog-listing-3/business/what-is-apr-and-what-can-you-actually-use-it.html]
[banca.windstripedesign.ro/de/blog-listing-3/business/superfast-loans-for-your-dream-home.html]
[banca.windstripedesign.ro/de/blog-listing-3/business.html]
[banca.windstripedesign.ro/de/index.html]
[banca.windstripedesign.ro/fr/home/demo-01.html]
[banca.windstripedesign.ro/fr/home/demo-02.html]
[banca.windstripedesign.ro/fr/home/demo-03.html]
[banca.windstripedesign.ro/fr/loan/get-loan.html]
[banca.windstripedesign.ro/fr/loan/loan-application.html]
[banca.windstripedesign.ro/fr/job-pages/career.html]
[banca.windstripedesign.ro/fr/job-pages/jobs.html]
[banca.windstripedesign.ro/fr/job-pages/job-application.html]
[banca.windstripedesign.ro/fr/pages/cards.html]
[banca.windstripedesign.ro/fr/pages/about-us.html]
[banca.windstripedesign.ro/fr/pages/contact-us.html]
[banca.windstripedesign.ro/fr/pages/404-error.html]
[banca.windstripedesign.ro/fr/blog/blog-listing.html]
[banca.windstripedesign.ro/fr/blog-listing-2/business/credit-rating-as-a-private-customer.html]
[banca.windstripedesign.ro/fr/blog-listing-2/business/get-hold-of-your-private-loans-with-a-promissory.html]
[banca.windstripedesign.ro/fr/blog-listing-2/business/what-is-apr-and-what-can-you-actually-use-it.html]
[banca.windstripedesign.ro/fr/blog-listing-2/business/superfast-loans-for-your-dream-home.html]
[banca.windstripedesign.ro/fr/blog-listing-2/business.html]
[banca.windstripedesign.ro/fr/index.html]
[banca.windstripedesign.ro/media/vendor/joomla-custom-elements/css/joomla-alert.min44b7.css]
[banca.windstripedesign.ro/components/com_sppagebuilder/assets/webfonts/fa-brands-400.woff]
[banca.windstripedesign.ro/components/com_sppagebuilder/assets/webfonts/fa-regular-400.woff]
[banca.windstripedesign.ro/components/com_sppagebuilder/assets/webfonts/fa-brands-400.ttf]
[banca.windstripedesign.ro/components/com_sppagebuilder/assets/webfonts/fa-regular-400.ttf]
[banca.windstripedesign.ro/components/com_sppagebuilder/assets/webfonts/fa-solid-900.woff]
[banca.windstripedesign.ro/components/com_sppagebuilder/assets/css/font-awesome-5.min.css]
[banca.windstripedesign.ro/components/com_sppagebuilder/assets/css/font-awesome-v4-shims.css]
[banca.windstripedesign.ro/components/com_sppagebuilder/assets/css/animate.min.css]
[banca.windstripedesign.ro/components/com_sppagebuilder/assets/css/sppagebuilder.css]
[banca.windstripedesign.ro/components/com_sppagebuilder/assets/css/magnific-popup.css]
[banca.windstripedesign.ro/templates/banca/css/bootstrap.min.css]
[banca.windstripedesign.ro/plugins/system/helixultimate/assets/css/system-j4.min.css]
[banca.windstripedesign.ro/components/com_sppagebuilder/assets/webfonts/fa-solid-900.ttf]
[banca.windstripedesign.ro/templates/banca/images/menu-bg.jpg]
[banca.windstripedesign.ro/templates/banca/css/template.css]
[banca.windstripedesign.ro/templates/banca/css/presets/preset9.css]
[banca.windstripedesign.ro/templates/banca/fonts/ElegantIcons.eot]
[banca.windstripedesign.ro/templates/banca/fonts/ElegantIcons.woff]
[banca.windstripedesign.ro/templates/banca/fonts/ElegantIconsd41d.eot]
[banca.windstripedesign.ro/templates/banca/fonts/ElegantIcons.ttf]
[banca.windstripedesign.ro/templates/banca/css/custom.css]
[banca.windstripedesign.ro/templates/banca/fonts/ElegantIcons.svg]
[banca.windstripedesign.ro/en/home/demo-01.html]
[banca.windstripedesign.ro/media/vendor/chosen/css/chosene139.css]
[banca.windstripedesign.ro/media/mod_languages/css/template.minabed.css]
[banca.windstripedesign.ro/images/banner/bg-img-2.png]
[banca.windstripedesign.ro/images/security-tips/shape.png]
[banca.windstripedesign.ro/media/vendor/chosen/js/chosen.jquery.mine139.js]
[banca.windstripedesign.ro/media/legacy/js/joomla-chosen.minabed.js]
[banca.windstripedesign.ro/cdn-cgi/l/email-protection]
[banca.windstripedesign.ro/images/banner/shape-3.png]
[banca.windstripedesign.ro/images/banner/shape-2.png]
[banca.windstripedesign.ro/images/banner/shape-4.png]
[banca.windstripedesign.ro/images/banner/banner-img-2.png]
[banca.windstripedesign.ro/images/banner/shape-1.png]
[banca.windstripedesign.ro/images/banner/shape-5.png]
[banca.windstripedesign.ro/images/banner/shape-6.png]
[banca.windstripedesign.ro/images/banner/shape-7.png]
[banca.windstripedesign.ro/images/feature/shape-6.png]
[banca.windstripedesign.ro/images/feature/shape-10.png]
[banca.windstripedesign.ro/images/feature/shape-4.png]
[banca.windstripedesign.ro/images/feature/shape-3.png]
[banca.windstripedesign.ro/images/feature/shape-12.png]
[banca.windstripedesign.ro/images/feature/icon-5.png]
[banca.windstripedesign.ro/images/feature/shape-13.png]
[banca.windstripedesign.ro/images/feature/shape-14.png]
[banca.windstripedesign.ro/images/feature/shape-15.png]
[banca.windstripedesign.ro/images/feature/shape-11.png]
[banca.windstripedesign.ro/images/feature/shape-5.png]
[banca.windstripedesign.ro/images/feature/icon-6.png]
[banca.windstripedesign.ro/images/feature/shape-1.png]
[banca.windstripedesign.ro/images/feature/shape-2.png]
[banca.windstripedesign.ro/images/feature/shape-9.png]
[banca.windstripedesign.ro/images/feature/icon-7.png]
[banca.windstripedesign.ro/images/corporate-finance/icon-5.svg]
[banca.windstripedesign.ro/images/corporate-finance/icon-2.svg]
[banca.windstripedesign.ro/images/corporate-finance/icon-3.svg]
[banca.windstripedesign.ro/images/corporate-finance/icon-4.svg]
[banca.windstripedesign.ro/images/how-works/icon-1.png]
[banca.windstripedesign.ro/images/how-works/icon-2.png]
[banca.windstripedesign.ro/images/security-tips/shape-1.png]
[banca.windstripedesign.ro/images/security-tips/shape-2.png]
[banca.windstripedesign.ro/images/security-tips/shape-3.png]
[banca.windstripedesign.ro/images/security-tips/shape-4.png]
[banca.windstripedesign.ro/images/security-tips/shape-5.png]
[banca.windstripedesign.ro/images/security-tips/shape-6.png]
[banca.windstripedesign.ro/images/security-tips/shape-7.png]
[banca.windstripedesign.ro/images/security-tips/shape-8.png]
[banca.windstripedesign.ro/images/security-tips/security-priority.png]
[banca.windstripedesign.ro/images/faq/illustration.png]
[banca.windstripedesign.ro/images/cta/icon-1.png]
[banca.windstripedesign.ro/images/cta/icon-2.png]
[banca.windstripedesign.ro/images/cta/icon-3.png]
[banca.windstripedesign.ro/images/cta/icon-4.png]
[banca.windstripedesign.ro/images/cta/icon-5.png]
[banca.windstripedesign.ro/images/cta/icon-6.png]
[banca.windstripedesign.ro/en/home/demo-02.html]
[banca.windstripedesign.ro/components/com_sppagebuilder/assets/css/jquery.bxslider.min.css]
[banca.windstripedesign.ro/templates/banca/css/presets/preset10.css]
[banca.windstripedesign.ro/images/banner/bg-img.png]
[banca.windstripedesign.ro/components/com_sppagebuilder/assets/js/jquery.bxslider.min.js]
[banca.windstripedesign.ro/images/logo/Logo-3@2x.png]
[banca.windstripedesign.ro/images/footer/footer-bg.png]
[banca.windstripedesign.ro/images/banner/Logo-1.png]
[banca.windstripedesign.ro/images/banner/Logo-2.png]
[banca.windstripedesign.ro/images/banner/Logo-3.png]
[banca.windstripedesign.ro/images/banner/Logo-4.png]
[banca.windstripedesign.ro/images/banner/Logo-5.png]
[banca.windstripedesign.ro/images/banner/Logo-6.png]
[banca.windstripedesign.ro/images/banner/person.png]
[banca.windstripedesign.ro/images/banner/icon-1.svg]
[banca.windstripedesign.ro/images/banner/icon-2.svg]
[banca.windstripedesign.ro/images/banner/icon-3.svg]
[banca.windstripedesign.ro/images/banner/icon-4.svg]
[banca.windstripedesign.ro/images/feature/icon-1.svg]
[banca.windstripedesign.ro/images/feature/icon-2.svg]
[banca.windstripedesign.ro/images/feature/icon-3.svg]
[banca.windstripedesign.ro/images/feature/icon-4.svg]
[banca.windstripedesign.ro/images/track-progress/shape-bg.png]
[banca.windstripedesign.ro/images/track-progress/track-1.png]
[banca.windstripedesign.ro/images/track-progress/track-2.png]
[banca.windstripedesign.ro/images/track-progress/track-3.png]
[banca.windstripedesign.ro/images/card-payment/shape-bg.png]
[banca.windstripedesign.ro/images/card-payment/card-1.png]
[banca.windstripedesign.ro/images/card-payment/card-2.png]
[banca.windstripedesign.ro/images/internet-banking/shape-bg.png]
[banca.windstripedesign.ro/images/internet-banking/img-1.png]
[banca.windstripedesign.ro/images/internet-banking/img-2.png]
[banca.windstripedesign.ro/images/internet-banking/img-3.png]
[banca.windstripedesign.ro/images/internet-banking/info.png]
[banca.windstripedesign.ro/images/security-tips/img-1.png]
[banca.windstripedesign.ro/images/security-tips/img-2.png]
[banca.windstripedesign.ro/images/security-tips/img-3.png]
[banca.windstripedesign.ro/images/client/client-1.png]
[banca.windstripedesign.ro/images/client/client-2.png]
[banca.windstripedesign.ro/images/client/client-3.png]
[banca.windstripedesign.ro/en/blog-listing/loan/what-credit-limit-should-i-request.html]
[banca.windstripedesign.ro/images/blog/news-1.png]
[banca.windstripedesign.ro/en/blog-listing/loan.html]
[banca.windstripedesign.ro/en/blog-listing/loan/which-bank-account-should-i-open.html]
[banca.windstripedesign.ro/images/blog/news-2.png]
[banca.windstripedesign.ro/en/blog-listing/loan/banking-basics-get-to-know-your-bank-account.html]
[banca.windstripedesign.ro/images/blog/news-3.png]
[banca.windstripedesign.ro/en/blog-listing/loan/banking-basics-get-to-know-your-bank-account-2.html]
[banca.windstripedesign.ro/en/blog-listing/loan/which-bank-account-should-i-open-2.html]
[banca.windstripedesign.ro/en/blog-listing/loan/what-credit-limit-should-i-request-2.html]
[banca.windstripedesign.ro/en/home/demo-03.html]
[banca.windstripedesign.ro/images/banner/loan-banner.png]
[banca.windstripedesign.ro/images/steps/icon-1.png]
[banca.windstripedesign.ro/images/steps/icon-2.png]
[banca.windstripedesign.ro/images/steps/icon-3.png]
[banca.windstripedesign.ro/images/apply-loan/icon-1.1.png]
[banca.windstripedesign.ro/images/apply-loan/icon-2.1.png]
[banca.windstripedesign.ro/images/apply-loan/icon-3.1.png]
[banca.windstripedesign.ro/images/steps/sheild.png]
[banca.windstripedesign.ro/images/testimonial/img-1.png]
[banca.windstripedesign.ro/images/testimonial/img-2.png]
[banca.windstripedesign.ro/templates/banca/js/jquery.smoothscroll.min.js]
[banca.windstripedesign.ro/templates/banca/js/wNumb.js]
[banca.windstripedesign.ro/templates/banca/js/nouislider.min.js]
[banca.windstripedesign.ro/templates/banca/js/wow.min.js]
[banca.windstripedesign.ro/en/loan/get-loan.html]
[banca.windstripedesign.ro/templates/banca/js/mycustom.js]
[banca.windstripedesign.ro/en/banca/images/apply-loan/icon-4.1.png]
[banca.windstripedesign.ro/en/banca/images/apply-loan/icon-4.2.png]
[banca.windstripedesign.ro/images/breadcrumb/bg-1.png]
[banca.windstripedesign.ro/en/loan/loan-application.html]
[banca.windstripedesign.ro/en/search-pagef758]
[banca.windstripedesign.ro/media/vendor/awesomplete/css/awesomplete75d0.css]
[banca.windstripedesign.ro/media/com_finder/js/finder-es5.min7161.js]
[banca.windstripedesign.ro/media/vendor/awesomplete/js/awesomplete.min75d0.js]
[banca.windstripedesign.ro/media/com_finder/js/finder.min2cac.js]
[banca.windstripedesign.ro/images/breadcrumb/bg-2.png]
[banca.windstripedesign.ro/images/recruitment-proccess/icon-1.svg]
[banca.windstripedesign.ro/images/recruitment-proccess/icon-2.svg]
[banca.windstripedesign.ro/images/recruitment-proccess/icon-3.svg]
[banca.windstripedesign.ro/images/recruitment-proccess/icon-4.svg]
[banca.windstripedesign.ro/en/job-pages/career.html]
[banca.windstripedesign.ro/en/job-pages/jobs.html]
[banca.windstripedesign.ro/en/job-pages/job-application.html]
[banca.windstripedesign.ro/images/card/hero-img-6.png]
[banca.windstripedesign.ro/images/card/hero-img-8.png]
[banca.windstripedesign.ro/images/card/hero-img-7.png]
[banca.windstripedesign.ro/images/card/hero-img-2.png]
[banca.windstripedesign.ro/images/card/hero-img.png]
[banca.windstripedesign.ro/images/card/hero-img-3.png]
[banca.windstripedesign.ro/images/card/hero-card.png]
[banca.windstripedesign.ro/images/card/hero-img-4.png]
[banca.windstripedesign.ro/images/card/hero-img-5.png]
[banca.windstripedesign.ro/images/card/company-logo-1.png]
[banca.windstripedesign.ro/images/card/company-logo-2.png]
[banca.windstripedesign.ro/images/card/company-logo-3.png]
[banca.windstripedesign.ro/images/card/company-logo-4.png]
[banca.windstripedesign.ro/images/feature/icon-11.svg]
[banca.windstripedesign.ro/images/feature/icon-14.svg]
[banca.windstripedesign.ro/images/feature/icon-12.svg]
[banca.windstripedesign.ro/images/feature/icon-15.svg]
[banca.windstripedesign.ro/images/feature/icon-13.svg]
[banca.windstripedesign.ro/images/feature/icon-16.svg]
[banca.windstripedesign.ro/images/card/visa.png]
[banca.windstripedesign.ro/images/card/mastercard.png]
[banca.windstripedesign.ro/images/card/payment-bg.png]
[banca.windstripedesign.ro/images/card/credit-card.png]
[banca.windstripedesign.ro/images/card/online-payment.svg]
[banca.windstripedesign.ro/images/card/safebox.svg]
[banca.windstripedesign.ro/images/card/money-transfer.png]
[banca.windstripedesign.ro/images/card/reminder.png]
[banca.windstripedesign.ro/images/card/refresh.png]
[banca.windstripedesign.ro/images/card/card-img-bg.png]
[banca.windstripedesign.ro/images/card/Card-image-3.png]
[banca.windstripedesign.ro/images/card/Card-image-2.png]
[banca.windstripedesign.ro/images/card/Card-image-1.png]
[banca.windstripedesign.ro/images/card/layout.svg]
[banca.windstripedesign.ro/images/card/line-shape.png]
[banca.windstripedesign.ro/images/card/salary.svg]
[banca.windstripedesign.ro/images/card/antivirus.svg]
[banca.windstripedesign.ro/images/card/Card-image-4.png]
[banca.windstripedesign.ro/images/card/icon-1.png]
[banca.windstripedesign.ro/images/card/icon-2.png]
[banca.windstripedesign.ro/images/card/icon-3.png]
[banca.windstripedesign.ro/images/card/Card-image-5.png]
[banca.windstripedesign.ro/images/card/Card-image-6.png]
[banca.windstripedesign.ro/images/card/Card-image-7.png]
[banca.windstripedesign.ro/images/card/right-arrow.png]
[banca.windstripedesign.ro/images/card/mail.png]
[banca.windstripedesign.ro/images/card/wings-1.png]
[banca.windstripedesign.ro/images/card/wings-2.png]
[banca.windstripedesign.ro/images/card/postbox.png]
[banca.windstripedesign.ro/images/card/cloud.png]
[banca.windstripedesign.ro/en/pages/cards.html]
[banca.windstripedesign.ro/images/banner/about-bg.png]
[banca.windstripedesign.ro/images/statistics/img-2.png]
[banca.windstripedesign.ro/images/statistics/img-3.png]
[banca.windstripedesign.ro/images/statistics/img-1.png]
[banca.windstripedesign.ro/images/statistics/img-6.png]
[banca.windstripedesign.ro/images/recognition/icon.svg]
[banca.windstripedesign.ro/images/leadership/img-1.png]
[banca.windstripedesign.ro/images/leadership/img-2.png]
[banca.windstripedesign.ro/images/leadership/img-3.png]
[banca.windstripedesign.ro/en/pages/about-us.html]
[banca.windstripedesign.ro/images/cta/wave.png]
[banca.windstripedesign.ro/images/breadcrumb/bg-4.jpg]
[banca.windstripedesign.ro/images/contact/help-icon-1.svg]
[banca.windstripedesign.ro/images/contact/help-icon-2.svg]
[banca.windstripedesign.ro/images/contact/help-icon-3.svg]
[banca.windstripedesign.ro/en/pages/contact-us.html]
[banca.windstripedesign.ro/images/error/404_bg.png]
[banca.windstripedesign.ro/images/error/404_two.png]
[banca.windstripedesign.ro/images/error/404_three.png]
[banca.windstripedesign.ro/images/error/404_one.png]
[banca.windstripedesign.ro/en/pages/404-error.html]
[banca.windstripedesign.ro/en/blog/blog-listingc0d0]
[banca.windstripedesign.ro/en/blog/blog-listing7b17]
[banca.windstripedesign.ro/images/breadcrumb/bg-3.jpg]
[banca.windstripedesign.ro/images/blog/blog-1.png]
[banca.windstripedesign.ro/en/blog/blog-listing/how-to-save-enough-money-to-buy-a-home.html]
[banca.windstripedesign.ro/images/blog/blog-2.png]
[banca.windstripedesign.ro/en/blog/blog-listing/create-a-joomla-multi-step-form.html]
[banca.windstripedesign.ro/images/blog/blog-3.png]
[banca.windstripedesign.ro/en/blog/blog-listing/what-happens-to-your-debt-when-you-die.html]
[banca.windstripedesign.ro/images/blog/blog-4.png]
[banca.windstripedesign.ro/en/blog/blog-listing/how-do-banca-banks-make-money.html]
[banca.windstripedesign.ro/images/blog/blog-5.png]
[banca.windstripedesign.ro/en/blog/blog-listing/finance-your-property-in-a-market.html]
[banca.windstripedesign.ro/images/blog/blog-6.png]
[banca.windstripedesign.ro/en/blog/blog-listing/how-our-revamped-api-can-help-your-finances.html]
[banca.windstripedesign.ro/images/blog/blog-7.png]
[banca.windstripedesign.ro/en/blog/blog-listing/linking-your-finances-and-your-business.html]
[banca.windstripedesign.ro/images/blog/blog-8.png]
[banca.windstripedesign.ro/images/social/facebook-logo.svg]
[banca.windstripedesign.ro/images/social/twitter.svg]
[banca.windstripedesign.ro/images/social/youtube.svg]
[banca.windstripedesign.ro/en/blog-listing/bank-transfer.html]
[banca.windstripedesign.ro/en/blog-listing/technology.html]
[banca.windstripedesign.ro/en/blog-listing/security.html]
[banca.windstripedesign.ro/en/blog-listing/privacy.html]
[banca.windstripedesign.ro/en/tags-page/banking.html]
[banca.windstripedesign.ro/en/tags-page/web-design.html]
[banca.windstripedesign.ro/en/tags-page/ui-ux.html]
[banca.windstripedesign.ro/en/tags-page/saas.html]
[banca.windstripedesign.ro/en/tags-page/software.html]
[banca.windstripedesign.ro/en/tags-page/creative.html]
[banca.windstripedesign.ro/en/tags-page/product.html]
[banca.windstripedesign.ro/en/tags-page/development.html]
[banca.windstripedesign.ro/en/tags-page/design.html]
[banca.windstripedesign.ro/en/tags-page/security.html]
[banca.windstripedesign.ro/en/tags-page/agency.html]
[banca.windstripedesign.ro/en/blog/blog-listing.html]
[banca.windstripedesign.ro/components/com_sppagebuilder/assets/css/font-awesome-5.minc706.css]
[banca.windstripedesign.ro/components/com_sppagebuilder/assets/css/font-awesome-v4-shimsc706.css]
[banca.windstripedesign.ro/components/com_sppagebuilder/assets/css/animate.minc706.css]
[banca.windstripedesign.ro/components/com_sppagebuilder/assets/css/sppagebuilderc706.css]
[banca.windstripedesign.ro/images/blog/blog-details-img.jpg]
[banca.windstripedesign.ro/images/blog/quote-left.png]
[banca.windstripedesign.ro/images/blog/quote-author.png]
[banca.windstripedesign.ro/images/blog/quote-right.png]
[banca.windstripedesign.ro/images/blog/blog-details-img-2.jpg]
[banca.windstripedesign.ro/en/blog/blog-listing/five-steps-to-buying-for-your-home-loan.html]
[banca.windstripedesign.ro/images/feature/icon-8.svg]
[banca.windstripedesign.ro/images/feature/icon-9.svg]
[banca.windstripedesign.ro/images/feature/icon-10.svg]
[banca.windstripedesign.ro/en/blog-listing.html]
[banca.windstripedesign.ro/en/blog-listing/business/credit-rating-as-a-private-customer.html]
[banca.windstripedesign.ro/en/blog-listing/business/get-hold-of-your-private-loans-with-a-promissory.html]
[banca.windstripedesign.ro/en/blog-listing/business/what-is-apr-and-what-can-you-actually-use-it.html]
[banca.windstripedesign.ro/en/blog-listing/business/superfast-loans-for-your-dream-home.html]
[banca.windstripedesign.ro/en/blog-listing/businessc0d0]
[banca.windstripedesign.ro/en/blog-listing/business7b17]
[banca.windstripedesign.ro/en/blog-listing/business.html]
[banca.windstripedesign.ro/tr/home/demo-01.html]
[banca.windstripedesign.ro/media/mod_languages/css/template.mina6f3.css]
[banca.windstripedesign.ro/media/legacy/js/joomla-chosen.mina6f3.js]
[banca.windstripedesign.ro/tr/home/demo-02.html]
[banca.windstripedesign.ro/tr/blog-listing-5/loan/what-credit-limit-should-i-request.html]
[banca.windstripedesign.ro/tr/blog-listing-5/loan.html]
[banca.windstripedesign.ro/tr/blog-listing-5/loan/which-bank-account-should-i-open.html]
[banca.windstripedesign.ro/tr/blog-listing-5/loan/banking-basics-get-to-know-your-bank-account.html]
[banca.windstripedesign.ro/tr/blog-listing-5/loan/banking-basics-get-to-know-your-bank-account-2.html]
[banca.windstripedesign.ro/tr/blog-listing-5/loan/which-bank-account-should-i-open-2.html]
[banca.windstripedesign.ro/tr/blog-listing-5/loan/what-credit-limit-should-i-request-2.html]
[banca.windstripedesign.ro/tr/home/demo-03.html]
[banca.windstripedesign.ro/tr/loan/get-loan.html]
[banca.windstripedesign.ro/tr/loan/loan-application.html]
[banca.windstripedesign.ro/tr/search-page-5f758]
[banca.windstripedesign.ro/tr/job-pages/career.html]
[banca.windstripedesign.ro/tr/job-pages/jobs.html]
[banca.windstripedesign.ro/tr/job-pages/job-application.html]
[banca.windstripedesign.ro/tr/pages/cards.html]
[banca.windstripedesign.ro/tr/pages/about-us.html]
[banca.windstripedesign.ro/tr/pages/contact-us.html]
[banca.windstripedesign.ro/tr/pages/404-error.html]
[banca.windstripedesign.ro/tr/blog/blog-listingc0d0]
[banca.windstripedesign.ro/tr/blog/blog-listing7b17]
[banca.windstripedesign.ro/tr/blog-5/blog-listing/five-steps-to-buying-for-your-home-loan.html]
[banca.windstripedesign.ro/tr/blog-5/blog-listing/how-to-save-enough-money-to-buy-a-home.html]
[banca.windstripedesign.ro/tr/blog-5/blog-listing/create-a-joomla-multi-step-form.html]
[banca.windstripedesign.ro/tr/blog-5/blog-listing/what-happens-to-your-debt-when-you-die.html]
[banca.windstripedesign.ro/tr/blog-5/blog-listing/how-do-banca-banks-make-money.html]
[banca.windstripedesign.ro/tr/blog-5/blog-listing/finance-your-property-in-a-market.html]
[banca.windstripedesign.ro/tr/blog-5/blog-listing/how-our-revamped-api-can-help-your-finances.html]
[banca.windstripedesign.ro/tr/blog-5/blog-listing/linking-your-finances-and-your-business.html]
[banca.windstripedesign.ro/tr/blog-5/blog-listing.html]
[banca.windstripedesign.ro/tr/blog-listing-5/bank-transfer.html]
[banca.windstripedesign.ro/tr/blog-listing-5/technology.html]
[banca.windstripedesign.ro/tr/blog-listing-5/security.html]
[banca.windstripedesign.ro/tr/blog-listing-5/privacy.html]
[banca.windstripedesign.ro/tr/tags-page-5/banking.html]
[banca.windstripedesign.ro/tr/tags-page-5/web-design.html]
[banca.windstripedesign.ro/tr/tags-page-5/ui-ux.html]
[banca.windstripedesign.ro/tr/tags-page-5/saas.html]
[banca.windstripedesign.ro/tr/tags-page-5/software.html]
[banca.windstripedesign.ro/tr/tags-page-5/creative.html]
[banca.windstripedesign.ro/tr/tags-page-5/product.html]
[banca.windstripedesign.ro/tr/tags-page-5/development.html]
[banca.windstripedesign.ro/tr/tags-page-5/design.html]
[banca.windstripedesign.ro/tr/tags-page-5/security.html]
[banca.windstripedesign.ro/tr/blog/blog-listing.html]
[banca.windstripedesign.ro/tr/tags-page-5/agency.html]
[banca.windstripedesign.ro/tr/blog-listing-5/business/credit-rating-as-a-private-customer.html]
[banca.windstripedesign.ro/tr/blog-listing-5/business/get-hold-of-your-private-loans-with-a-promissory.html]
[banca.windstripedesign.ro/tr/blog-listing-5/business/what-is-apr-and-what-can-you-actually-use-it.html]
[banca.windstripedesign.ro/tr/blog-listing-5/business/superfast-loans-for-your-dream-home.html]
[banca.windstripedesign.ro/tr/blog-listing-5.html]
[banca.windstripedesign.ro/tr/blog-listing-5/businessc0d0]
[banca.windstripedesign.ro/tr/blog-listing-5/business7b17]
[banca.windstripedesign.ro/tr/blog-listing-5/business.html]
[banca.windstripedesign.ro/it/home/demo-01.html]
[banca.windstripedesign.ro/media/mod_languages/css/template.min04e0.css]
[banca.windstripedesign.ro/media/legacy/js/joomla-chosen.min04e0.js]
[banca.windstripedesign.ro/it/home/demo-02.html]
[banca.windstripedesign.ro/it/blog-listing-4/loan/what-credit-limit-should-i-request.html]
[banca.windstripedesign.ro/it/blog-listing-4/loan.html]
[banca.windstripedesign.ro/it/blog-listing-4/loan/which-bank-account-should-i-open.html]
[banca.windstripedesign.ro/it/blog-listing-4/loan/banking-basics-get-to-know-your-bank-account.html]
[banca.windstripedesign.ro/it/blog-listing-4/loan/banking-basics-get-to-know-your-bank-account-2.html]
[banca.windstripedesign.ro/it/blog-listing-4/loan/which-bank-account-should-i-open-2.html]
[banca.windstripedesign.ro/it/home/demo-03.html]
[banca.windstripedesign.ro/it/blog-listing-4/loan/what-credit-limit-should-i-request-2.html]
[banca.windstripedesign.ro/it/loan/get-loan.html]
[banca.windstripedesign.ro/it/loan/loan-application.html]
[banca.windstripedesign.ro/it/search-page-4f758]
[banca.windstripedesign.ro/it/job-pages/career.html]
[banca.windstripedesign.ro/it/job-pages/jobs.html]
[banca.windstripedesign.ro/it/job-pages/job-application.html]
[banca.windstripedesign.ro/it/pages/cards.html]
[banca.windstripedesign.ro/it/pages/about-us.html]
[banca.windstripedesign.ro/it/pages/contact-us.html]
[banca.windstripedesign.ro/it/pages/404-error.html]
[banca.windstripedesign.ro/it/blog/blog-listingc0d0]
[banca.windstripedesign.ro/it/blog/blog-listing7b17]
[banca.windstripedesign.ro/it/blog-4/blog-listing/five-steps-to-buying-for-your-home-loan.html]
[banca.windstripedesign.ro/it/blog-4/blog-listing/how-to-save-enough-money-to-buy-a-home.html]
[banca.windstripedesign.ro/it/blog-4/blog-listing/create-a-joomla-multi-step-form.html]
[banca.windstripedesign.ro/it/blog-4/blog-listing/what-happens-to-your-debt-when-you-die.html]
[banca.windstripedesign.ro/it/blog-4/blog-listing/how-do-banca-banks-make-money.html]
[banca.windstripedesign.ro/it/blog-4/blog-listing/finance-your-property-in-a-market.html]
[banca.windstripedesign.ro/it/blog-4/blog-listing/how-our-revamped-api-can-help-your-finances.html]
[banca.windstripedesign.ro/it/blog-4/blog-listing/linking-your-finances-and-your-business.html]
[banca.windstripedesign.ro/it/blog-4/blog-listing.html]
[banca.windstripedesign.ro/it/blog-listing-4/bank-transfer.html]
[banca.windstripedesign.ro/it/blog-listing-4/technology.html]
[banca.windstripedesign.ro/it/blog-listing-4/security.html]
[banca.windstripedesign.ro/it/blog-listing-4/privacy.html]
[banca.windstripedesign.ro/it/tags-page-4/banking.html]
[banca.windstripedesign.ro/it/tags-page-4/web-design.html]
[banca.windstripedesign.ro/it/tags-page-4/ui-ux.html]
[banca.windstripedesign.ro/it/tags-page-4/saas.html]
[banca.windstripedesign.ro/it/tags-page-4/software.html]
[banca.windstripedesign.ro/it/tags-page-4/creative.html]
[banca.windstripedesign.ro/it/tags-page-4/product.html]
[banca.windstripedesign.ro/it/tags-page-4/development.html]
[banca.windstripedesign.ro/it/tags-page-4/design.html]
[banca.windstripedesign.ro/it/tags-page-4/security.html]
[banca.windstripedesign.ro/it/blog/blog-listing.html]
[banca.windstripedesign.ro/it/tags-page-4/agency.html]
[banca.windstripedesign.ro/it/blog-listing-4/business/credit-rating-as-a-private-customer.html]
[banca.windstripedesign.ro/it/blog-listing-4/business/get-hold-of-your-private-loans-with-a-promissory.html]
[banca.windstripedesign.ro/it/blog-listing-4/business/what-is-apr-and-what-can-you-actually-use-it.html]
[banca.windstripedesign.ro/it/blog-listing-4/business/superfast-loans-for-your-dream-home.html]
[banca.windstripedesign.ro/it/blog-listing-4.html]
[banca.windstripedesign.ro/it/blog-listing-4/businessc0d0]
[banca.windstripedesign.ro/it/blog-listing-4/business7b17]
[banca.windstripedesign.ro/it/blog-listing-4/business.html]
[banca.windstripedesign.ro/de/home/demo-01.html]
[banca.windstripedesign.ro/media/mod_languages/css/template.min9249.css]
[banca.windstripedesign.ro/media/legacy/js/joomla-chosen.min9249.js]
[banca.windstripedesign.ro/de/home/demo-02.html]
[banca.windstripedesign.ro/de/blog-listing-3/loan/what-credit-limit-should-i-request.html]
[banca.windstripedesign.ro/de/blog-listing-3/loan.html]
[banca.windstripedesign.ro/de/blog-listing-3/loan/which-bank-account-should-i-open.html]
[banca.windstripedesign.ro/de/blog-listing-3/loan/banking-basics-get-to-know-your-bank-account.html]
[banca.windstripedesign.ro/de/blog-listing-3/loan/banking-basics-get-to-know-your-bank-account-2.html]
[banca.windstripedesign.ro/de/blog-listing-3/loan/which-bank-account-should-i-open-2.html]
[banca.windstripedesign.ro/de/home/demo-03.html]
[banca.windstripedesign.ro/de/blog-listing-3/loan/what-credit-limit-should-i-request-2.html]
[banca.windstripedesign.ro/de/loan/get-loan.html]
[banca.windstripedesign.ro/de/loan/loan-application.html]
[banca.windstripedesign.ro/de/search-page-3f758]
[banca.windstripedesign.ro/de/job-pages/career.html]
[banca.windstripedesign.ro/de/job-pages/jobs.html]
[banca.windstripedesign.ro/de/job-pages/job-application.html]
[banca.windstripedesign.ro/de/pages/cards.html]
[banca.windstripedesign.ro/de/pages/about-us.html]
[banca.windstripedesign.ro/de/pages/contact-us.html]
[banca.windstripedesign.ro/de/pages/404-error.html]
[banca.windstripedesign.ro/de/blog/blog-listingc0d0]
[banca.windstripedesign.ro/de/blog/blog-listing7b17]
[banca.windstripedesign.ro/de/blog-3/blog-listing/five-steps-to-buying-for-your-home-loan.html]
[banca.windstripedesign.ro/de/blog-3/blog-listing/how-to-save-enough-money-to-buy-a-home.html]
[banca.windstripedesign.ro/de/blog-3/blog-listing/create-a-joomla-multi-step-form.html]
[banca.windstripedesign.ro/de/blog-3/blog-listing/what-happens-to-your-debt-when-you-die.html]
[banca.windstripedesign.ro/de/blog-3/blog-listing/how-do-banca-banks-make-money.html]
[banca.windstripedesign.ro/de/blog-3/blog-listing/finance-your-property-in-a-market.html]
[banca.windstripedesign.ro/de/blog-3/blog-listing/how-our-revamped-api-can-help-your-finances.html]
[banca.windstripedesign.ro/de/blog-3/blog-listing/linking-your-finances-and-your-business.html]
[banca.windstripedesign.ro/de/blog-3/blog-listing.html]
[banca.windstripedesign.ro/de/blog-listing-3/bank-transfer.html]
[banca.windstripedesign.ro/de/blog-listing-3/technology.html]
[banca.windstripedesign.ro/de/blog-listing-3/security.html]
[banca.windstripedesign.ro/de/blog-listing-3/privacy.html]
[banca.windstripedesign.ro/de/tags-page-3/banking.html]
[banca.windstripedesign.ro/de/tags-page-3/web-design.html]
[banca.windstripedesign.ro/de/tags-page-3/ui-ux.html]
[banca.windstripedesign.ro/de/tags-page-3/saas.html]
[banca.windstripedesign.ro/de/tags-page-3/software.html]
[banca.windstripedesign.ro/de/tags-page-3/creative.html]
[banca.windstripedesign.ro/de/tags-page-3/product.html]
[banca.windstripedesign.ro/de/tags-page-3/development.html]
[banca.windstripedesign.ro/de/tags-page-3/design.html]
[banca.windstripedesign.ro/de/tags-page-3/security.html]
[banca.windstripedesign.ro/de/blog/blog-listing.html]
[banca.windstripedesign.ro/de/tags-page-3/agency.html]
[banca.windstripedesign.ro/de/blog-listing-3/business/credit-rating-as-a-private-customer.html]
[banca.windstripedesign.ro/de/blog-listing-3/business/get-hold-of-your-private-loans-with-a-promissory.html]
[banca.windstripedesign.ro/de/blog-listing-3/business/what-is-apr-and-what-can-you-actually-use-it.html]
[banca.windstripedesign.ro/de/blog-listing-3/business/superfast-loans-for-your-dream-home.html]
[banca.windstripedesign.ro/de/blog-listing-3.html]
[banca.windstripedesign.ro/de/blog-listing-3/business7b17]
[banca.windstripedesign.ro/de/blog-listing-3/business.html]
[banca.windstripedesign.ro/fr/home/demo-01.html]
[banca.windstripedesign.ro/de/blog-listing-3/businessc0d0]
[banca.windstripedesign.ro/media/mod_languages/css/template.mine470.css]
[banca.windstripedesign.ro/media/legacy/js/joomla-chosen.mine470.js]
[banca.windstripedesign.ro/fr/home/demo-02.html]
[banca.windstripedesign.ro/fr/blog-listing-2/loan/what-credit-limit-should-i-request.html]
[banca.windstripedesign.ro/fr/blog-listing-2/loan.html]
[banca.windstripedesign.ro/fr/blog-listing-2/loan/which-bank-account-should-i-open.html]
[banca.windstripedesign.ro/fr/blog-listing-2/loan/banking-basics-get-to-know-your-bank-account.html]
[banca.windstripedesign.ro/fr/blog-listing-2/loan/banking-basics-get-to-know-your-bank-account-2.html]
[banca.windstripedesign.ro/fr/home/demo-03.html]
[banca.windstripedesign.ro/fr/blog-listing-2/loan/which-bank-account-should-i-open-2.html]
[banca.windstripedesign.ro/fr/blog-listing-2/loan/what-credit-limit-should-i-request-2.html]
[banca.windstripedesign.ro/fr/loan/get-loan.html]
[banca.windstripedesign.ro/fr/loan/loan-application.html]
[banca.windstripedesign.ro/fr/search-page-2f758]
[banca.windstripedesign.ro/fr/job-pages/career.html]
[banca.windstripedesign.ro/fr/job-pages/jobs.html]
[banca.windstripedesign.ro/fr/job-pages/job-application.html]
[banca.windstripedesign.ro/fr/pages/cards.html]
[banca.windstripedesign.ro/fr/pages/about-us.html]
[banca.windstripedesign.ro/fr/pages/contact-us.html]
[banca.windstripedesign.ro/fr/pages/404-error.html]
[banca.windstripedesign.ro/fr/blog/blog-listingc0d0]
[banca.windstripedesign.ro/fr/blog/blog-listing7b17]
[banca.windstripedesign.ro/fr/blog-2/blog-listing/five-steps-to-buying-for-your-home-loan.html]
[banca.windstripedesign.ro/fr/blog-2/blog-listing/how-to-save-enough-money-to-buy-a-home.html]
[banca.windstripedesign.ro/fr/blog-2/blog-listing/create-a-joomla-multi-step-form.html]
[banca.windstripedesign.ro/fr/blog-2/blog-listing/what-happens-to-your-debt-when-you-die.html]
[banca.windstripedesign.ro/fr/blog-2/blog-listing/how-do-banca-banks-make-money.html]
[banca.windstripedesign.ro/fr/blog-2/blog-listing/finance-your-property-in-a-market.html]
[banca.windstripedesign.ro/fr/blog-2/blog-listing/how-our-revamped-api-can-help-your-finances.html]
[banca.windstripedesign.ro/fr/blog-2/blog-listing/linking-your-finances-and-your-business.html]
[banca.windstripedesign.ro/fr/blog-2/blog-listing.html]
[banca.windstripedesign.ro/fr/blog-listing-2/bank-transfer.html]
[banca.windstripedesign.ro/fr/blog-listing-2/technology.html]
[banca.windstripedesign.ro/fr/blog-listing-2/security.html]
[banca.windstripedesign.ro/fr/blog-listing-2/privacy.html]
[banca.windstripedesign.ro/fr/tags-page-2/banking.html]
[banca.windstripedesign.ro/fr/tags-page-2/web-design.html]
[banca.windstripedesign.ro/fr/tags-page-2/ui-ux.html]
[banca.windstripedesign.ro/fr/tags-page-2/saas.html]
[banca.windstripedesign.ro/fr/tags-page-2/software.html]
[banca.windstripedesign.ro/fr/tags-page-2/creative.html]
[banca.windstripedesign.ro/fr/tags-page-2/product.html]
[banca.windstripedesign.ro/fr/tags-page-2/development.html]
[banca.windstripedesign.ro/fr/tags-page-2/design.html]
[banca.windstripedesign.ro/fr/tags-page-2/security.html]
[banca.windstripedesign.ro/fr/blog/blog-listing.html]
[banca.windstripedesign.ro/fr/tags-page-2/agency.html]
[banca.windstripedesign.ro/fr/blog-listing-2/business/credit-rating-as-a-private-customer.html]
[banca.windstripedesign.ro/fr/blog-listing-2/business/get-hold-of-your-private-loans-with-a-promissory.html]
[banca.windstripedesign.ro/fr/blog-listing-2/business/what-is-apr-and-what-can-you-actually-use-it.html]
[banca.windstripedesign.ro/fr/blog-listing-2/business/superfast-loans-for-your-dream-home.html]
[banca.windstripedesign.ro/fr/blog-listing-2.html]
[banca.windstripedesign.ro/fr/blog-listing-2/businessc0d0]
[banca.windstripedesign.ro/fr/blog-listing-2/business7b17]
[banca.windstripedesign.ro/fr/blog-listing-2/business.html]
[banca.windstripedesign.ro/templates/banca/fonts/ElegantIcons.svg]
[banca.windstripedesign.ro/media/vendor/chosen/css/chosen-sprite.png]
[banca.windstripedesign.ro/media/vendor/chosen/css/chosen-sprite@2x.png]
[banca.windstripedesign.ro/media/vendor/chosen/css/chosene139.css]
[banca.windstripedesign.ro/media/mod_languages/css/template.minabed.css]
[banca.windstripedesign.ro/cdn-cgi/l/email-protection.html]
[banca.windstripedesign.ro/images/corporate-finance/icon-5.svg]
[banca.windstripedesign.ro/images/corporate-finance/icon-2.svg]
[banca.windstripedesign.ro/images/corporate-finance/icon-3.svg]
[banca.windstripedesign.ro/images/corporate-finance/icon-4.svg]
[banca.windstripedesign.ro/components/com_sppagebuilder/assets/css/jquery.bxslider.min.css]
[banca.windstripedesign.ro/templates/banca/css/presets/preset10.css]
[banca.windstripedesign.ro/images/banner/icon-1.svg]
[banca.windstripedesign.ro/images/banner/icon-2.svg]
[banca.windstripedesign.ro/images/banner/icon-3.svg]
[banca.windstripedesign.ro/images/banner/icon-4.svg]
[banca.windstripedesign.ro/images/feature/icon-1.svg]
[banca.windstripedesign.ro/images/feature/icon-2.svg]
[banca.windstripedesign.ro/images/feature/icon-3.svg]
[banca.windstripedesign.ro/images/feature/icon-4.svg]
[banca.windstripedesign.ro/en/blog-listing/loan/what-credit-limit-should-i-request.html]
[banca.windstripedesign.ro/en/blog-listing/loanc0d0]
[banca.windstripedesign.ro/en/blog-listing/loan7b17]
[banca.windstripedesign.ro/en/blog-listing/loan.html]
[banca.windstripedesign.ro/en/blog-listing/loan/which-bank-account-should-i-open.html]
[banca.windstripedesign.ro/en/blog-listing/loan/banking-basics-get-to-know-your-bank-account.html]
[banca.windstripedesign.ro/en/blog-listing/loan/banking-basics-get-to-know-your-bank-account-2.html]
[banca.windstripedesign.ro/en/blog-listing/loan/which-bank-account-should-i-open-2.html]
[banca.windstripedesign.ro/en/blog-listing/loan/what-credit-limit-should-i-request-2.html]
[banca.windstripedesign.ro/en/banca/images/apply-loan/icon-4.1.html]
[banca.windstripedesign.ro/en/banca/images/apply-loan/icon-4.2.html]
[banca.windstripedesign.ro/media/vendor/awesomplete/css/awesomplete75d0.css]
[banca.windstripedesign.ro/images/recruitment-proccess/icon-1.svg]
[banca.windstripedesign.ro/images/recruitment-proccess/icon-2.svg]
[banca.windstripedesign.ro/images/recruitment-proccess/icon-3.svg]
[banca.windstripedesign.ro/images/recruitment-proccess/icon-4.svg]
[banca.windstripedesign.ro/images/feature/icon-11.svg]
[banca.windstripedesign.ro/images/feature/icon-14.svg]
[banca.windstripedesign.ro/images/feature/icon-12.svg]
[banca.windstripedesign.ro/images/feature/icon-15.svg]
[banca.windstripedesign.ro/images/feature/icon-13.svg]
[banca.windstripedesign.ro/images/feature/icon-16.svg]
[banca.windstripedesign.ro/images/card/online-payment.svg]
[banca.windstripedesign.ro/images/card/safebox.svg]
[banca.windstripedesign.ro/images/card/layout.svg]
[banca.windstripedesign.ro/images/card/salary.svg]
[banca.windstripedesign.ro/images/card/antivirus.svg]
[banca.windstripedesign.ro/images/recognition/icon.svg]
[banca.windstripedesign.ro/images/contact/help-icon-1.svg]
[banca.windstripedesign.ro/images/contact/help-icon-2.svg]
[banca.windstripedesign.ro/images/contact/help-icon-3.svg]
[banca.windstripedesign.ro/en/blog/blog-listing/how-to-save-enough-money-to-buy-a-home.html]
[banca.windstripedesign.ro/en/blog/blog-listing/create-a-joomla-multi-step-form.html]
[banca.windstripedesign.ro/en/blog/blog-listing/what-happens-to-your-debt-when-you-die.html]
[banca.windstripedesign.ro/en/blog/blog-listing/how-do-banca-banks-make-money.html]
[banca.windstripedesign.ro/en/blog/blog-listing/finance-your-property-in-a-market.html]
[banca.windstripedesign.ro/en/blog/blog-listing/how-our-revamped-api-can-help-your-finances.html]
[banca.windstripedesign.ro/en/blog/blog-listing/linking-your-finances-and-your-business.html]
[banca.windstripedesign.ro/images/social/facebook-logo.svg]
[banca.windstripedesign.ro/images/social/twitter.svg]
[banca.windstripedesign.ro/images/social/youtube.svg]
[banca.windstripedesign.ro/en/blog-listing/bank-transferc0d0]
[banca.windstripedesign.ro/en/blog-listing/bank-transfer7b17]
[banca.windstripedesign.ro/en/blog-listing/bank-transfer.html]
[banca.windstripedesign.ro/en/blog-listing/technologyc0d0]
[banca.windstripedesign.ro/en/blog-listing/technology7b17]
[banca.windstripedesign.ro/en/blog-listing/technology.html]
[banca.windstripedesign.ro/en/blog-listing/securityc0d0]
[banca.windstripedesign.ro/en/blog-listing/security7b17]
[banca.windstripedesign.ro/en/blog-listing/security.html]
[banca.windstripedesign.ro/en/blog-listing/privacyc0d0]
[banca.windstripedesign.ro/en/blog-listing/privacy7b17]
[banca.windstripedesign.ro/en/blog-listing/privacy.html]
[banca.windstripedesign.ro/en/tags-page/bankingc0d0]
[banca.windstripedesign.ro/en/tags-page/banking7b17]
[banca.windstripedesign.ro/en/tags-page/banking.html]
[banca.windstripedesign.ro/en/tags-page.html]
[banca.windstripedesign.ro/en/tags-page/web-designc0d0]
[banca.windstripedesign.ro/en/tags-page/web-design7b17]
[banca.windstripedesign.ro/en/tags-page/web-design.html]
[banca.windstripedesign.ro/en/tags-page/ui-uxc0d0]
[banca.windstripedesign.ro/en/tags-page/ui-ux7b17]
[banca.windstripedesign.ro/en/tags-page/ui-ux.html]
[banca.windstripedesign.ro/en/tags-page/saasc0d0]
[banca.windstripedesign.ro/en/tags-page/saas7b17]
[banca.windstripedesign.ro/en/tags-page/saas.html]
[banca.windstripedesign.ro/en/tags-page/softwarec0d0]
[banca.windstripedesign.ro/en/tags-page/software7b17]
[banca.windstripedesign.ro/en/tags-page/software.html]
[banca.windstripedesign.ro/en/tags-page/creativec0d0]
[banca.windstripedesign.ro/en/tags-page/creative7b17]
[banca.windstripedesign.ro/en/tags-page/creative.html]
[banca.windstripedesign.ro/en/tags-page/productc0d0]
[banca.windstripedesign.ro/en/tags-page/product7b17]
[banca.windstripedesign.ro/en/tags-page/product.html]
[banca.windstripedesign.ro/en/tags-page/developmentc0d0]
[banca.windstripedesign.ro/en/tags-page/development7b17]
[banca.windstripedesign.ro/en/tags-page/development.html]
[banca.windstripedesign.ro/en/tags-page/designc0d0]
[banca.windstripedesign.ro/en/tags-page/design7b17]
[banca.windstripedesign.ro/en/tags-page/design.html]
[banca.windstripedesign.ro/en/tags-page/securityc0d0]
[banca.windstripedesign.ro/en/tags-page/security7b17]
[banca.windstripedesign.ro/en/tags-page/security.html]
[banca.windstripedesign.ro/en/tags-page/agencyc0d0]
[banca.windstripedesign.ro/en/tags-page/agency7b17]
[banca.windstripedesign.ro/en/tags-page/agency.html]
[banca.windstripedesign.ro/components/com_sppagebuilder/assets/css/font-awesome-5.minc706.css]
[banca.windstripedesign.ro/components/com_sppagebuilder/assets/css/font-awesome-v4-shimsc706.css]
[banca.windstripedesign.ro/components/com_sppagebuilder/assets/css/animate.minc706.css]
[banca.windstripedesign.ro/components/com_sppagebuilder/assets/css/sppagebuilderc706.css]
[banca.windstripedesign.ro/en/blog-listingc0d0]
[banca.windstripedesign.ro/en/blog-listing7b17]
[banca.windstripedesign.ro/en/blog-listing.html]
[banca.windstripedesign.ro/media/mod_languages/css/template.mina6f3.css]
[banca.windstripedesign.ro/tr/blog-listing-5/loan/what-credit-limit-should-i-request.html]
[banca.windstripedesign.ro/tr/blog-listing-5/loanc0d0]
[banca.windstripedesign.ro/tr/blog-listing-5/loan7b17]
[banca.windstripedesign.ro/tr/blog-listing-5/loan.html]
[banca.windstripedesign.ro/tr/blog-listing-5/loan/which-bank-account-should-i-open.html]
[banca.windstripedesign.ro/tr/blog-listing-5/loan/banking-basics-get-to-know-your-bank-account.html]
[banca.windstripedesign.ro/tr/blog-listing-5/loan/banking-basics-get-to-know-your-bank-account-2.html]
[banca.windstripedesign.ro/tr/blog-listing-5/loan/which-bank-account-should-i-open-2.html]
[banca.windstripedesign.ro/tr/blog-listing-5/loan/what-credit-limit-should-i-request-2.html]
[banca.windstripedesign.ro/tr/blog-5/blog-listing/five-steps-to-buying-for-your-home-loan.html]
[banca.windstripedesign.ro/tr/blog-5/blog-listing/how-to-save-enough-money-to-buy-a-home.html]
[banca.windstripedesign.ro/tr/blog-5/blog-listing/create-a-joomla-multi-step-form.html]
[banca.windstripedesign.ro/tr/blog-5/blog-listing/what-happens-to-your-debt-when-you-die.html]
[banca.windstripedesign.ro/tr/blog-5/blog-listing/how-do-banca-banks-make-money.html]
[banca.windstripedesign.ro/tr/blog-5/blog-listing/finance-your-property-in-a-market.html]
[banca.windstripedesign.ro/tr/blog-5/blog-listing/how-our-revamped-api-can-help-your-finances.html]
[banca.windstripedesign.ro/tr/blog-5/blog-listing/linking-your-finances-and-your-business.html]
[banca.windstripedesign.ro/tr/blog-5/blog-listingc0d0]
[banca.windstripedesign.ro/tr/blog-5/blog-listing7b17]
[banca.windstripedesign.ro/tr/blog-5/blog-listing.html]
[banca.windstripedesign.ro/tr/blog-listing-5/bank-transferc0d0]
[banca.windstripedesign.ro/tr/blog-listing-5/bank-transfer7b17]
[banca.windstripedesign.ro/tr/blog-listing-5/bank-transfer.html]
[banca.windstripedesign.ro/tr/blog-listing-5/technologyc0d0]
[banca.windstripedesign.ro/tr/blog-listing-5/technology7b17]
[banca.windstripedesign.ro/tr/blog-listing-5/technology.html]
[banca.windstripedesign.ro/tr/blog-listing-5/securityc0d0]
[banca.windstripedesign.ro/tr/blog-listing-5/security7b17]
[banca.windstripedesign.ro/tr/blog-listing-5/security.html]
[banca.windstripedesign.ro/tr/blog-listing-5/privacyc0d0]
[banca.windstripedesign.ro/tr/blog-listing-5/privacy7b17]
[banca.windstripedesign.ro/tr/blog-listing-5/privacy.html]
[banca.windstripedesign.ro/tr/tags-page-5/bankingc0d0]
[banca.windstripedesign.ro/tr/tags-page-5/banking7b17]
[banca.windstripedesign.ro/tr/tags-page-5/banking.html]
[banca.windstripedesign.ro/tr/tags-page-5.html]
[banca.windstripedesign.ro/tr/tags-page-5/web-designc0d0]
[banca.windstripedesign.ro/tr/tags-page-5/web-design7b17]
[banca.windstripedesign.ro/tr/tags-page-5/web-design.html]
[banca.windstripedesign.ro/tr/tags-page-5/ui-uxc0d0]
[banca.windstripedesign.ro/tr/tags-page-5/ui-ux7b17]
[banca.windstripedesign.ro/tr/tags-page-5/ui-ux.html]
[banca.windstripedesign.ro/tr/tags-page-5/saasc0d0]
[banca.windstripedesign.ro/tr/tags-page-5/saas7b17]
[banca.windstripedesign.ro/tr/tags-page-5/saas.html]
[banca.windstripedesign.ro/tr/tags-page-5/softwarec0d0]
[banca.windstripedesign.ro/tr/tags-page-5/software7b17]
[banca.windstripedesign.ro/tr/tags-page-5/software.html]
[banca.windstripedesign.ro/tr/tags-page-5/creativec0d0]
[banca.windstripedesign.ro/tr/tags-page-5/creative7b17]
[banca.windstripedesign.ro/tr/tags-page-5/creative.html]
[banca.windstripedesign.ro/tr/tags-page-5/productc0d0]
[banca.windstripedesign.ro/tr/tags-page-5/product7b17]
[banca.windstripedesign.ro/tr/tags-page-5/product.html]
[banca.windstripedesign.ro/tr/tags-page-5/developmentc0d0]
[banca.windstripedesign.ro/tr/tags-page-5/development7b17]
[banca.windstripedesign.ro/tr/tags-page-5/development.html]
[banca.windstripedesign.ro/tr/tags-page-5/designc0d0]
[banca.windstripedesign.ro/tr/tags-page-5/design7b17]
[banca.windstripedesign.ro/tr/tags-page-5/design.html]
[banca.windstripedesign.ro/tr/tags-page-5/securityc0d0]
[banca.windstripedesign.ro/tr/tags-page-5/security7b17]
[banca.windstripedesign.ro/tr/tags-page-5/security.html]
[banca.windstripedesign.ro/tr/tags-page-5/agencyc0d0]
[banca.windstripedesign.ro/tr/tags-page-5/agency7b17]
[banca.windstripedesign.ro/tr/tags-page-5/agency.html]
[banca.windstripedesign.ro/tr/blog-listing-5c0d0]
[banca.windstripedesign.ro/tr/blog-listing-57b17]
[banca.windstripedesign.ro/tr/blog-listing-5.html]
[banca.windstripedesign.ro/media/mod_languages/css/template.min04e0.css]
[banca.windstripedesign.ro/it/blog-listing-4/loan/what-credit-limit-should-i-request.html]
[banca.windstripedesign.ro/it/blog-listing-4/loanc0d0]
[banca.windstripedesign.ro/it/blog-listing-4/loan7b17]
[banca.windstripedesign.ro/it/blog-listing-4/loan.html]
[banca.windstripedesign.ro/it/blog-listing-4/loan/which-bank-account-should-i-open.html]
[banca.windstripedesign.ro/it/blog-listing-4/loan/banking-basics-get-to-know-your-bank-account.html]
[banca.windstripedesign.ro/it/blog-listing-4/loan/banking-basics-get-to-know-your-bank-account-2.html]
[banca.windstripedesign.ro/it/blog-listing-4/loan/which-bank-account-should-i-open-2.html]
[banca.windstripedesign.ro/it/blog-listing-4/loan/what-credit-limit-should-i-request-2.html]
[banca.windstripedesign.ro/it/blog-4/blog-listing/five-steps-to-buying-for-your-home-loan.html]
[banca.windstripedesign.ro/it/blog-4/blog-listing/how-to-save-enough-money-to-buy-a-home.html]
[banca.windstripedesign.ro/it/blog-4/blog-listing/create-a-joomla-multi-step-form.html]
[banca.windstripedesign.ro/it/blog-4/blog-listing/what-happens-to-your-debt-when-you-die.html]
[banca.windstripedesign.ro/it/blog-4/blog-listing/how-do-banca-banks-make-money.html]
[banca.windstripedesign.ro/it/blog-4/blog-listing/finance-your-property-in-a-market.html]
[banca.windstripedesign.ro/it/blog-4/blog-listing/how-our-revamped-api-can-help-your-finances.html]
[banca.windstripedesign.ro/it/blog-4/blog-listing/linking-your-finances-and-your-business.html]
[banca.windstripedesign.ro/it/blog-4/blog-listingc0d0]
[banca.windstripedesign.ro/it/blog-4/blog-listing7b17]
[banca.windstripedesign.ro/it/blog-4/blog-listing.html]
[banca.windstripedesign.ro/it/blog-listing-4/bank-transferc0d0]
[banca.windstripedesign.ro/it/blog-listing-4/bank-transfer7b17]
[banca.windstripedesign.ro/it/blog-listing-4/bank-transfer.html]
[banca.windstripedesign.ro/it/blog-listing-4/technologyc0d0]
[banca.windstripedesign.ro/it/blog-listing-4/technology7b17]
[banca.windstripedesign.ro/it/blog-listing-4/technology.html]
[banca.windstripedesign.ro/it/blog-listing-4/securityc0d0]
[banca.windstripedesign.ro/it/blog-listing-4/security7b17]
[banca.windstripedesign.ro/it/blog-listing-4/security.html]
[banca.windstripedesign.ro/it/blog-listing-4/privacyc0d0]
[banca.windstripedesign.ro/it/blog-listing-4/privacy7b17]
[banca.windstripedesign.ro/it/blog-listing-4/privacy.html]
[banca.windstripedesign.ro/it/tags-page-4/bankingc0d0]
[banca.windstripedesign.ro/it/tags-page-4/banking7b17]
[banca.windstripedesign.ro/it/tags-page-4/banking.html]
[banca.windstripedesign.ro/it/tags-page-4.html]
[banca.windstripedesign.ro/it/tags-page-4/web-designc0d0]
[banca.windstripedesign.ro/it/tags-page-4/web-design7b17]
[banca.windstripedesign.ro/it/tags-page-4/web-design.html]
[banca.windstripedesign.ro/it/tags-page-4/ui-uxc0d0]
[banca.windstripedesign.ro/it/tags-page-4/ui-ux7b17]
[banca.windstripedesign.ro/it/tags-page-4/ui-ux.html]
[banca.windstripedesign.ro/it/tags-page-4/saasc0d0]
[banca.windstripedesign.ro/it/tags-page-4/saas7b17]
[banca.windstripedesign.ro/it/tags-page-4/saas.html]
[banca.windstripedesign.ro/it/tags-page-4/softwarec0d0]
[banca.windstripedesign.ro/it/tags-page-4/software7b17]
[banca.windstripedesign.ro/it/tags-page-4/software.html]
[banca.windstripedesign.ro/it/tags-page-4/creativec0d0]
[banca.windstripedesign.ro/it/tags-page-4/creative7b17]
[banca.windstripedesign.ro/it/tags-page-4/creative.html]
[banca.windstripedesign.ro/it/tags-page-4/productc0d0]
[banca.windstripedesign.ro/it/tags-page-4/product7b17]
[banca.windstripedesign.ro/it/tags-page-4/product.html]
[banca.windstripedesign.ro/it/tags-page-4/developmentc0d0]
[banca.windstripedesign.ro/it/tags-page-4/development7b17]
[banca.windstripedesign.ro/it/tags-page-4/development.html]
[banca.windstripedesign.ro/it/tags-page-4/designc0d0]
[banca.windstripedesign.ro/it/tags-page-4/design7b17]
[banca.windstripedesign.ro/it/tags-page-4/design.html]
[banca.windstripedesign.ro/it/tags-page-4/securityc0d0]
[banca.windstripedesign.ro/it/tags-page-4/security7b17]
[banca.windstripedesign.ro/it/tags-page-4/security.html]
[banca.windstripedesign.ro/it/tags-page-4/agencyc0d0]
[banca.windstripedesign.ro/it/tags-page-4/agency7b17]
[banca.windstripedesign.ro/it/tags-page-4/agency.html]
[banca.windstripedesign.ro/it/blog-listing-4c0d0]
[banca.windstripedesign.ro/it/blog-listing-47b17]
[banca.windstripedesign.ro/it/blog-listing-4.html]
[banca.windstripedesign.ro/media/mod_languages/css/template.min9249.css]
[banca.windstripedesign.ro/de/blog-listing-3/loan/what-credit-limit-should-i-request.html]
[banca.windstripedesign.ro/de/blog-listing-3/loanc0d0]
[banca.windstripedesign.ro/de/blog-listing-3/loan7b17]
[banca.windstripedesign.ro/de/blog-listing-3/loan.html]
[banca.windstripedesign.ro/de/blog-listing-3/loan/which-bank-account-should-i-open.html]
[banca.windstripedesign.ro/de/blog-listing-3/loan/banking-basics-get-to-know-your-bank-account.html]
[banca.windstripedesign.ro/de/blog-listing-3/loan/banking-basics-get-to-know-your-bank-account-2.html]
[banca.windstripedesign.ro/de/blog-listing-3/loan/which-bank-account-should-i-open-2.html]
[banca.windstripedesign.ro/de/blog-listing-3/loan/what-credit-limit-should-i-request-2.html]
[banca.windstripedesign.ro/de/blog-3/blog-listing/five-steps-to-buying-for-your-home-loan.html]
[banca.windstripedesign.ro/de/blog-3/blog-listing/how-to-save-enough-money-to-buy-a-home.html]
[banca.windstripedesign.ro/de/blog-3/blog-listing/create-a-joomla-multi-step-form.html]
[banca.windstripedesign.ro/de/blog-3/blog-listing/what-happens-to-your-debt-when-you-die.html]
[banca.windstripedesign.ro/de/blog-3/blog-listing/how-do-banca-banks-make-money.html]
[banca.windstripedesign.ro/de/blog-3/blog-listing/finance-your-property-in-a-market.html]
[banca.windstripedesign.ro/de/blog-3/blog-listing/how-our-revamped-api-can-help-your-finances.html]
[banca.windstripedesign.ro/de/blog-3/blog-listing/linking-your-finances-and-your-business.html]
[banca.windstripedesign.ro/de/blog-3/blog-listingc0d0]
[banca.windstripedesign.ro/de/blog-3/blog-listing7b17]
[banca.windstripedesign.ro/de/blog-3/blog-listing.html]
[banca.windstripedesign.ro/de/blog-listing-3/bank-transferc0d0]
[banca.windstripedesign.ro/de/blog-listing-3/bank-transfer7b17]
[banca.windstripedesign.ro/de/blog-listing-3/bank-transfer.html]
[banca.windstripedesign.ro/de/blog-listing-3/technologyc0d0]
[banca.windstripedesign.ro/de/blog-listing-3/technology7b17]
[banca.windstripedesign.ro/de/blog-listing-3/technology.html]
[banca.windstripedesign.ro/de/blog-listing-3/securityc0d0]
[banca.windstripedesign.ro/de/blog-listing-3/security7b17]
[banca.windstripedesign.ro/de/blog-listing-3/security.html]
[banca.windstripedesign.ro/de/blog-listing-3/privacyc0d0]
[banca.windstripedesign.ro/de/blog-listing-3/privacy7b17]
[banca.windstripedesign.ro/de/blog-listing-3/privacy.html]
[banca.windstripedesign.ro/de/tags-page-3/bankingc0d0]
[banca.windstripedesign.ro/de/tags-page-3/banking7b17]
[banca.windstripedesign.ro/de/tags-page-3/banking.html]
[banca.windstripedesign.ro/de/tags-page-3.html]
[banca.windstripedesign.ro/de/tags-page-3/web-designc0d0]
[banca.windstripedesign.ro/de/tags-page-3/web-design7b17]
[banca.windstripedesign.ro/de/tags-page-3/web-design.html]
[banca.windstripedesign.ro/de/tags-page-3/ui-uxc0d0]
[banca.windstripedesign.ro/de/tags-page-3/ui-ux7b17]
[banca.windstripedesign.ro/de/tags-page-3/ui-ux.html]
[banca.windstripedesign.ro/de/tags-page-3/saasc0d0]
[banca.windstripedesign.ro/de/tags-page-3/saas7b17]
[banca.windstripedesign.ro/de/tags-page-3/saas.html]
[banca.windstripedesign.ro/de/tags-page-3/softwarec0d0]
[banca.windstripedesign.ro/de/tags-page-3/software7b17]
[banca.windstripedesign.ro/de/tags-page-3/software.html]
[banca.windstripedesign.ro/de/tags-page-3/creativec0d0]
[banca.windstripedesign.ro/de/tags-page-3/creative7b17]
[banca.windstripedesign.ro/de/tags-page-3/creative.html]
[banca.windstripedesign.ro/de/tags-page-3/productc0d0]
[banca.windstripedesign.ro/de/tags-page-3/product7b17]
[banca.windstripedesign.ro/de/tags-page-3/product.html]
[banca.windstripedesign.ro/de/tags-page-3/developmentc0d0]
[banca.windstripedesign.ro/de/tags-page-3/development7b17]
[banca.windstripedesign.ro/de/tags-page-3/development.html]
[banca.windstripedesign.ro/de/tags-page-3/designc0d0]
[banca.windstripedesign.ro/de/tags-page-3/design7b17]
[banca.windstripedesign.ro/de/tags-page-3/design.html]
[banca.windstripedesign.ro/de/tags-page-3/securityc0d0]
[banca.windstripedesign.ro/de/tags-page-3/security7b17]
[banca.windstripedesign.ro/de/tags-page-3/security.html]
[banca.windstripedesign.ro/de/tags-page-3/agencyc0d0]
[banca.windstripedesign.ro/de/tags-page-3/agency7b17]
[banca.windstripedesign.ro/de/tags-page-3/agency.html]
[banca.windstripedesign.ro/de/blog-listing-3c0d0]
[banca.windstripedesign.ro/de/blog-listing-37b17]
[banca.windstripedesign.ro/de/blog-listing-3.html]
[banca.windstripedesign.ro/media/mod_languages/css/template.mine470.css]
[banca.windstripedesign.ro/fr/blog-listing-2/loan/what-credit-limit-should-i-request.html]
[banca.windstripedesign.ro/fr/blog-listing-2/loanc0d0]
[banca.windstripedesign.ro/fr/blog-listing-2/loan7b17]
[banca.windstripedesign.ro/fr/blog-listing-2/loan.html]
[banca.windstripedesign.ro/fr/blog-listing-2/loan/which-bank-account-should-i-open.html]
[banca.windstripedesign.ro/fr/blog-listing-2/loan/banking-basics-get-to-know-your-bank-account.html]
[banca.windstripedesign.ro/fr/blog-listing-2/loan/banking-basics-get-to-know-your-bank-account-2.html]
[banca.windstripedesign.ro/fr/blog-listing-2/loan/which-bank-account-should-i-open-2.html]
[banca.windstripedesign.ro/fr/blog-listing-2/loan/what-credit-limit-should-i-request-2.html]
[banca.windstripedesign.ro/fr/blog-2/blog-listing/five-steps-to-buying-for-your-home-loan.html]
[banca.windstripedesign.ro/fr/blog-2/blog-listing/how-to-save-enough-money-to-buy-a-home.html]
[banca.windstripedesign.ro/fr/blog-2/blog-listing/create-a-joomla-multi-step-form.html]
[banca.windstripedesign.ro/fr/blog-2/blog-listing/what-happens-to-your-debt-when-you-die.html]
[banca.windstripedesign.ro/fr/blog-2/blog-listing/how-do-banca-banks-make-money.html]
[banca.windstripedesign.ro/fr/blog-2/blog-listing/finance-your-property-in-a-market.html]
[banca.windstripedesign.ro/fr/blog-2/blog-listing/how-our-revamped-api-can-help-your-finances.html]
[banca.windstripedesign.ro/fr/blog-2/blog-listing/linking-your-finances-and-your-business.html]
[banca.windstripedesign.ro/fr/blog-2/blog-listingc0d0]
[banca.windstripedesign.ro/fr/blog-2/blog-listing7b17]
[banca.windstripedesign.ro/fr/blog-2/blog-listing.html]
[banca.windstripedesign.ro/fr/blog-listing-2/bank-transferc0d0]
[banca.windstripedesign.ro/fr/blog-listing-2/bank-transfer7b17]
[banca.windstripedesign.ro/fr/blog-listing-2/bank-transfer.html]
[banca.windstripedesign.ro/fr/blog-listing-2/technologyc0d0]
[banca.windstripedesign.ro/fr/blog-listing-2/technology7b17]
[banca.windstripedesign.ro/fr/blog-listing-2/technology.html]
[banca.windstripedesign.ro/fr/blog-listing-2/securityc0d0]
[banca.windstripedesign.ro/fr/blog-listing-2/security7b17]
[banca.windstripedesign.ro/fr/blog-listing-2/security.html]
[banca.windstripedesign.ro/fr/blog-listing-2/privacyc0d0]
[banca.windstripedesign.ro/fr/blog-listing-2/privacy7b17]
[banca.windstripedesign.ro/fr/blog-listing-2/privacy.html]
[banca.windstripedesign.ro/fr/tags-page-2/bankingc0d0]
[banca.windstripedesign.ro/fr/tags-page-2/banking7b17]
[banca.windstripedesign.ro/fr/tags-page-2/banking.html]
[banca.windstripedesign.ro/fr/tags-page-2.html]
[banca.windstripedesign.ro/fr/tags-page-2/web-designc0d0]
[banca.windstripedesign.ro/fr/tags-page-2/web-design7b17]
[banca.windstripedesign.ro/fr/tags-page-2/web-design.html]
[banca.windstripedesign.ro/fr/tags-page-2/ui-uxc0d0]
[banca.windstripedesign.ro/fr/tags-page-2/ui-ux7b17]
[banca.windstripedesign.ro/fr/tags-page-2/ui-ux.html]
[banca.windstripedesign.ro/fr/tags-page-2/saasc0d0]
[banca.windstripedesign.ro/fr/tags-page-2/saas7b17]
[banca.windstripedesign.ro/fr/tags-page-2/saas.html]
[banca.windstripedesign.ro/fr/tags-page-2/softwarec0d0]
[banca.windstripedesign.ro/fr/tags-page-2/software7b17]
[banca.windstripedesign.ro/fr/tags-page-2/software.html]
[banca.windstripedesign.ro/fr/tags-page-2/creativec0d0]
[banca.windstripedesign.ro/fr/tags-page-2/creative7b17]
[banca.windstripedesign.ro/fr/tags-page-2/creative.html]
[banca.windstripedesign.ro/fr/tags-page-2/productc0d0]
[banca.windstripedesign.ro/fr/tags-page-2/product7b17]
[banca.windstripedesign.ro/fr/tags-page-2/product.html]
[banca.windstripedesign.ro/fr/tags-page-2/developmentc0d0]
[banca.windstripedesign.ro/fr/tags-page-2/development7b17]
[banca.windstripedesign.ro/fr/tags-page-2/development.html]
[banca.windstripedesign.ro/fr/tags-page-2/designc0d0]
[banca.windstripedesign.ro/fr/tags-page-2/design7b17]
[banca.windstripedesign.ro/fr/tags-page-2/design.html]
[banca.windstripedesign.ro/fr/tags-page-2/securityc0d0]
[banca.windstripedesign.ro/fr/tags-page-2/security7b17]
[banca.windstripedesign.ro/fr/tags-page-2/security.html]
[banca.windstripedesign.ro/fr/tags-page-2/agencyc0d0]
[banca.windstripedesign.ro/fr/tags-page-2/agency7b17]
[banca.windstripedesign.ro/fr/tags-page-2/agency.html]
[banca.windstripedesign.ro/fr/blog-listing-2c0d0]
[banca.windstripedesign.ro/fr/blog-listing-27b17]
[banca.windstripedesign.ro/fr/blog-listing-2.html]
[banca.windstripedesign.ro/en/tags-pagec0d0]
[banca.windstripedesign.ro/en/tags-page7b17]
[banca.windstripedesign.ro/media/com_tags/js/tag-default-es5.min82c0.js]
[banca.windstripedesign.ro/media/com_tags/js/tag-default.min008e.js]
[banca.windstripedesign.ro/en/tags-page.html]
[banca.windstripedesign.ro/tr/tags-page-5c0d0]
[banca.windstripedesign.ro/tr/tags-page-57b17]
[banca.windstripedesign.ro/tr/tags-page-5.html]
[banca.windstripedesign.ro/it/tags-page-4c0d0]
[banca.windstripedesign.ro/it/tags-page-47b17]
[banca.windstripedesign.ro/it/tags-page-4.html]
[banca.windstripedesign.ro/de/tags-page-3c0d0]
[banca.windstripedesign.ro/de/tags-page-37b17]
[banca.windstripedesign.ro/de/tags-page-3.html]
[banca.windstripedesign.ro/fr/tags-page-2c0d0]
[banca.windstripedesign.ro/fr/tags-page-27b17]
[banca.windstripedesign.ro/fr/tags-page-2.html]
