[rockstheme.com/rocks/bultifore-preview/index.html]
[backblue.gif]
[fade.gif]
[index.html]
[rockstheme.com/rocks/bultifore-preview/img/logo/favicon.ico]
[rockstheme.com/rocks/bultifore-preview/css/bootstrap.min.css]
[rockstheme.com/rocks/bultifore-preview/css/owl.carousel.css]
[rockstheme.com/rocks/bultifore-preview/css/owl.transitions.css]
[rockstheme.com/rocks/bultifore-preview/css/animate.css]
[rockstheme.com/rocks/bultifore-preview/css/nice-select.css]
[rockstheme.com/rocks/bultifore-preview/css/meanmenu.min.css]
[rockstheme.com/rocks/bultifore-preview/css/font-awesome.min.css]
[rockstheme.com/rocks/bultifore-preview/css/themify-icons.css]
[rockstheme.com/rocks/bultifore-preview/css/flaticon.css]
[rockstheme.com/rocks/bultifore-preview/css/magnific.min.css]
[rockstheme.com/rocks/bultifore-preview/style.css]
[rockstheme.com/rocks/bultifore-preview/css/responsive.css]
[rockstheme.com/rocks/bultifore-preview/js/vendor/modernizr-2.8.3.min.js]
[rockstheme.com/rocks/bultifore-preview/img/icon/w1.png]
[rockstheme.com/rocks/bultifore-preview/img/icon/w2.png]
[rockstheme.com/rocks/bultifore-preview/img/icon/w3.png]
[rockstheme.com/rocks/bultifore-preview/img/icon/w4.png]
[rockstheme.com/rocks/bultifore-preview/img/icon/w5.png]
[rockstheme.com/rocks/bultifore-preview/login.html]
[rockstheme.com/rocks/bultifore-preview/img/icon/login.png]
[rockstheme.com/rocks/bultifore-preview/index-2.html]
[rockstheme.com/rocks/bultifore-preview/img/logo/logo2.png]
[rockstheme.com/rocks/bultifore-preview/index-3.html]
[rockstheme.com/rocks/bultifore-preview/about.html]
[rockstheme.com/rocks/bultifore-preview/team.html]
[rockstheme.com/rocks/bultifore-preview/faq.html]
[rockstheme.com/rocks/bultifore-preview/pricing.html]
[rockstheme.com/rocks/bultifore-preview/review.html]
[rockstheme.com/rocks/bultifore-preview/terms.html]
[rockstheme.com/rocks/bultifore-preview/signup.html]
[rockstheme.com/rocks/bultifore-preview/a-dashboard.html]
[rockstheme.com/rocks/bultifore-preview/a-send-money.html]
[rockstheme.com/rocks/bultifore-preview/a-request-money.html]
[rockstheme.com/rocks/bultifore-preview/a-withdraw-money.html]
[rockstheme.com/rocks/bultifore-preview/a-deposite-money.html]
[rockstheme.com/rocks/bultifore-preview/a-currency-change.html]
[rockstheme.com/rocks/bultifore-preview/a-add-bank.html]
[rockstheme.com/rocks/bultifore-preview/a-card-number.html]
[rockstheme.com/rocks/bultifore-preview/a-transection-log.html]
[rockstheme.com/rocks/bultifore-preview/a-setting-money.html]
[rockstheme.com/rocks/bultifore-preview/blog.html]
[rockstheme.com/rocks/bultifore-preview/blog-sidebar.html]
[rockstheme.com/rocks/bultifore-preview/blog-details.html]
[rockstheme.com/rocks/bultifore-preview/contact.html]
[rockstheme.com/rocks/bultifore-preview/img/about/vd.jpg]
[rockstheme.com/rocks/bultifore-preview/img/about/vd1.jpg]
[rockstheme.com/rocks/bultifore-preview/img/about/circle.png]
[rockstheme.com/rocks/bultifore-preview/img/about/ab1.png]
[rockstheme.com/rocks/bultifore-preview/img/feature/f1.jpg]
[rockstheme.com/rocks/bultifore-preview/img/feature/f2.jpg]
[rockstheme.com/rocks/bultifore-preview/img/feature/f3.jpg]
[rockstheme.com/rocks/bultifore-preview/img/feature/f4.jpg]
[rockstheme.com/rocks/bultifore-preview/img/about/overview.jpg]
[rockstheme.com/rocks/bultifore-preview/img/brand/1.png]
[rockstheme.com/rocks/bultifore-preview/img/brand/2.png]
[rockstheme.com/rocks/bultifore-preview/img/brand/3.png]
[rockstheme.com/rocks/bultifore-preview/img/brand/4.png]
[rockstheme.com/rocks/bultifore-preview/img/brand/5.png]
[rockstheme.com/rocks/bultifore-preview/img/brand/6.png]
[rockstheme.com/rocks/bultifore-preview/img/brand/7.png]
[rockstheme.com/rocks/bultifore-preview/img/brand/8.png]
[rockstheme.com/rocks/bultifore-preview/img/about/download.jpg]
[rockstheme.com/rocks/bultifore-preview/js/vendor/jquery-1.12.4.min.js]
[rockstheme.com/rocks/bultifore-preview/js/bootstrap.min.js]
[rockstheme.com/rocks/bultifore-preview/js/owl.carousel.min.js]
[rockstheme.com/rocks/bultifore-preview/js/jquery.stellar.min.js]
[rockstheme.com/rocks/bultifore-preview/js/magnific.min.js]
[rockstheme.com/rocks/bultifore-preview/js/jquery.nice-select.min.js]
[rockstheme.com/rocks/bultifore-preview/js/wow.min.js]
[rockstheme.com/rocks/bultifore-preview/js/jquery.meanmenu.js]
[rockstheme.com/rocks/bultifore-preview/js/form-validator.min.js]
[rockstheme.com/rocks/bultifore-preview/js/plugins.js]
[rockstheme.com/rocks/bultifore-preview/js/main.js]
[rockstheme.com/rocks/bultifore-preview/index.html]
[rockstheme.com/rocks/bultifore-preview/css/bootstrap.min.css]
[rockstheme.com/rocks/bultifore-preview/css/owl.carousel.css]
[rockstheme.com/rocks/bultifore-preview/css/owl.transitions.css]
[rockstheme.com/rocks/bultifore-preview/css/animate.css]
[rockstheme.com/rocks/bultifore-preview/css/nice-select.css]
[rockstheme.com/rocks/bultifore-preview/css/meanmenu.min.css]
[rockstheme.com/rocks/bultifore-preview/fonts/fontawesome-webfont3295.eot]
[rockstheme.com/rocks/bultifore-preview/fonts/fontawesome-webfontd41d.eot]
[rockstheme.com/rocks/bultifore-preview/fonts/fontawesome-webfont3295.woff2]
[rockstheme.com/rocks/bultifore-preview/fonts/fontawesome-webfont3295.woff]
[rockstheme.com/rocks/bultifore-preview/fonts/fontawesome-webfont3295.ttf]
[rockstheme.com/rocks/bultifore-preview/css/font-awesome.min.css]
[rockstheme.com/rocks/bultifore-preview/fonts/themify.eot]
[rockstheme.com/rocks/bultifore-preview/fonts/themifyd41d.eot]
[rockstheme.com/rocks/bultifore-preview/fonts/fontawesome-webfont3295.svg]
[rockstheme.com/rocks/bultifore-preview/fonts/themify.woff]
[rockstheme.com/rocks/bultifore-preview/fonts/themify.ttf]
[rockstheme.com/rocks/bultifore-preview/css/themify-icons.css]
[rockstheme.com/rocks/bultifore-preview/fonts/themify.svg]
[rockstheme.com/rocks/bultifore-preview/fonts/Flaticon.eot]
[rockstheme.com/rocks/bultifore-preview/fonts/Flaticond41d.eot]
[rockstheme.com/rocks/bultifore-preview/fonts/Flaticon.woff]
[rockstheme.com/rocks/bultifore-preview/fonts/Flaticon.ttf]
[rockstheme.com/rocks/bultifore-preview/css/flaticon.css]
[rockstheme.com/rocks/bultifore-preview/css/magnific.min.css]
[rockstheme.com/rocks/bultifore-preview/fonts/Flaticon.svg]
[rockstheme.com/rocks/bultifore-preview/img/logo/preloader.gif]
[rockstheme.com/rocks/bultifore-preview/img/background/slide1.jpg]
[rockstheme.com/rocks/bultifore-preview/img/background/bg1.jpg]
[rockstheme.com/rocks/bultifore-preview/img/background/slide2.jpg]
[rockstheme.com/rocks/bultifore-preview/img/background/bread-bg.jpg]
[rockstheme.com/rocks/bultifore-preview/style.css]
[rockstheme.com/rocks/bultifore-preview/css/responsive.css]
[rockstheme.com/rocks/bultifore-preview/login.html]
[rockstheme.com/rocks/bultifore-preview/index-2.html]
[rockstheme.com/rocks/bultifore-preview/img/blog/b1.jpg]
[rockstheme.com/rocks/bultifore-preview/img/blog/b2.jpg]
[rockstheme.com/rocks/bultifore-preview/img/blog/b3.jpg]
[rockstheme.com/rocks/bultifore-preview/img/blog/b4.jpg]
[rockstheme.com/rocks/bultifore-preview/index-3.html]
[rockstheme.com/rocks/bultifore-preview/img/review/1.jpg]
[rockstheme.com/rocks/bultifore-preview/img/review/2.jpg]
[rockstheme.com/rocks/bultifore-preview/img/review/3.jpg]
[rockstheme.com/rocks/bultifore-preview/img/review/4.jpg]
[rockstheme.com/rocks/bultifore-preview/about.html]
[rockstheme.com/rocks/bultifore-preview/img/team/t1.jpg]
[rockstheme.com/rocks/bultifore-preview/img/team/t2.jpg]
[rockstheme.com/rocks/bultifore-preview/img/team/t3.jpg]
[rockstheme.com/rocks/bultifore-preview/img/team/t4.jpg]
[rockstheme.com/rocks/bultifore-preview/img/team/t5.jpg]
[rockstheme.com/rocks/bultifore-preview/img/team/t6.jpg]
[rockstheme.com/rocks/bultifore-preview/img/team/t7.jpg]
[rockstheme.com/rocks/bultifore-preview/img/team/t8.jpg]
[rockstheme.com/rocks/bultifore-preview/team.html]
[rockstheme.com/rocks/bultifore-preview/faq.html]
[rockstheme.com/rocks/bultifore-preview/pricing.html]
[rockstheme.com/rocks/bultifore-preview/img/review/5.jpg]
[rockstheme.com/rocks/bultifore-preview/img/review/6.jpg]
[rockstheme.com/rocks/bultifore-preview/review.html]
[rockstheme.com/rocks/bultifore-preview/terms.html]
[rockstheme.com/rocks/bultifore-preview/signup.html]
[rockstheme.com/rocks/bultifore-preview/img/about/profile.png]
[rockstheme.com/rocks/bultifore-preview/a-dashboard.html]
[rockstheme.com/rocks/bultifore-preview/a-send-money.html]
[rockstheme.com/rocks/bultifore-preview/a-request-money.html]
[rockstheme.com/rocks/bultifore-preview/a-withdraw-money.html]
[rockstheme.com/rocks/bultifore-preview/a-deposite-money.html]
[rockstheme.com/rocks/bultifore-preview/a-currency-change.html]
[rockstheme.com/rocks/bultifore-preview/a-add-bank.html]
[rockstheme.com/rocks/bultifore-preview/a-card-number.html]
[rockstheme.com/rocks/bultifore-preview/a-transection-log.html]
[rockstheme.com/rocks/bultifore-preview/a-setting-money.html]
[rockstheme.com/rocks/bultifore-preview/img/blog/b5.jpg]
[rockstheme.com/rocks/bultifore-preview/img/blog/b6.jpg]
[rockstheme.com/rocks/bultifore-preview/blog.html]
[rockstheme.com/rocks/bultifore-preview/blog-sidebar.html]
[rockstheme.com/rocks/bultifore-preview/img/blog/avater2.png]
[rockstheme.com/rocks/bultifore-preview/img/blog/avater1.png]
[rockstheme.com/rocks/bultifore-preview/blog-details.html]
[rockstheme.com/rocks/bultifore-preview/img/about/cb1.jpg]
[rockstheme.com/rocks/bultifore-preview/contact.html]
[rockstheme.com/rocks/bultifore-preview/css/owl.video.play.html]
[rockstheme.com/rocks/bultifore-preview/fonts/fontawesome-webfont3295.svg]
[rockstheme.com/rocks/bultifore-preview/fonts/themify.svg]
[rockstheme.com/rocks/bultifore-preview/fonts/Flaticon.svg]
[rockstheme.com/rocks/bultifore-preview/order-from.html]
